
Allocating common symbols
Common symbol       size              file

user_pool           0x10              /home/cron/os/project/build/memory.o
intr_name           0x84              /home/cron/os/project/build/interrupt.o
kernel_vaddr        0xc               /home/cron/os/project/build/memory.o
idt_table           0x84              /home/cron/os/project/build/interrupt.o
kernel_pool         0x10              /home/cron/os/project/build/memory.o

Discarded input sections

 .note.GNU-stack
                0x0000000000000000        0x0 /home/cron/os/project/build/main.o
 .note.GNU-stack
                0x0000000000000000        0x0 /home/cron/os/project/build/init.o
 .note.GNU-stack
                0x0000000000000000        0x0 /home/cron/os/project/build/interrupt.o
 .group         0x0000000000000000        0x8 /home/cron/os/project/build/timer.o
 .note.GNU-stack
                0x0000000000000000        0x0 /home/cron/os/project/build/timer.o
 .note.GNU-stack
                0x0000000000000000        0x0 /home/cron/os/project/build/debug.o
 .note.GNU-stack
                0x0000000000000000        0x0 /home/cron/os/project/build/string.o
 .note.GNU-stack
                0x0000000000000000        0x0 /home/cron/os/project/build/memory.o
 .note.GNU-stack
                0x0000000000000000        0x0 /home/cron/os/project/build/bitmap.o

Memory Configuration

Name             Origin             Length             Attributes
*default*        0x0000000000000000 0xffffffffffffffff

Linker script and memory map

Address of section .text set to 0x1500
LOAD /home/cron/os/project/build/main.o
LOAD /home/cron/os/project/build/init.o
LOAD /home/cron/os/project/build/interrupt.o
LOAD /home/cron/os/project/build/timer.o
LOAD /home/cron/os/project/build/kernel.o
LOAD /home/cron/os/project/build/print.o
LOAD /home/cron/os/project/build/debug.o
LOAD /home/cron/os/project/build/string.o
LOAD /home/cron/os/project/build/memory.o
LOAD /home/cron/os/project/build/bitmap.o
                [!provide]                        PROVIDE (__executable_start = SEGMENT_START ("text-segment", 0x8048000))
                0x00000000080480d4                . = (SEGMENT_START ("text-segment", 0x8048000) + SIZEOF_HEADERS)

.interp
 *(.interp)

.note.gnu.build-id
 *(.note.gnu.build-id)

.hash
 *(.hash)

.gnu.hash
 *(.gnu.hash)

.dynsym
 *(.dynsym)

.dynstr
 *(.dynstr)

.gnu.version
 *(.gnu.version)

.gnu.version_d
 *(.gnu.version_d)

.gnu.version_r
 *(.gnu.version_r)

.rel.dyn        0x00000000080480d4        0x0
 *(.rel.init)
 *(.rel.text .rel.text.* .rel.gnu.linkonce.t.*)
 .rel.text      0x00000000080480d4        0x0 /home/cron/os/project/build/main.o
 *(.rel.fini)
 *(.rel.rodata .rel.rodata.* .rel.gnu.linkonce.r.*)
 *(.rel.data.rel.ro .rel.data.rel.ro.* .rel.gnu.linkonce.d.rel.ro.*)
 *(.rel.data .rel.data.* .rel.gnu.linkonce.d.*)
 *(.rel.tdata .rel.tdata.* .rel.gnu.linkonce.td.*)
 *(.rel.tbss .rel.tbss.* .rel.gnu.linkonce.tb.*)
 *(.rel.ctors)
 *(.rel.dtors)
 *(.rel.got)
 .rel.got       0x00000000080480d4        0x0 /home/cron/os/project/build/main.o
 *(.rel.bss .rel.bss.* .rel.gnu.linkonce.b.*)
 *(.rel.ifunc)

.rel.plt        0x00000000080480d4        0x0
 *(.rel.plt)
                [!provide]                        PROVIDE (__rel_iplt_start = .)
 *(.rel.iplt)
 .rel.iplt      0x00000000080480d4        0x0 /home/cron/os/project/build/main.o
                [!provide]                        PROVIDE (__rel_iplt_end = .)

.relr.dyn
 *(.relr.dyn)
                0x0000000008049000                . = ALIGN (CONSTANT (MAXPAGESIZE))

.init
 *(SORT_NONE(.init))

.plt            0x0000000008049000        0x0
 *(.plt)
 *(.iplt)
 .iplt          0x0000000008049000        0x0 /home/cron/os/project/build/main.o

.plt.got
 *(.plt.got)

.plt.sec
 *(.plt.sec)

.text           0x0000000000001500     0x16ad
 *(.text.unlikely .text.*_unlikely .text.unlikely.*)
 *(.text.exit .text.exit.*)
 *(.text.startup .text.startup.*)
 *(.text.hot .text.hot.*)
 *(SORT_BY_NAME(.text.sorted.*))
 *(.text .stub .text.* .gnu.linkonce.t.*)
 .text          0x0000000000001500       0x44 /home/cron/os/project/build/main.o
                0x0000000000001500                main
 .text          0x0000000000001544       0x17 /home/cron/os/project/build/init.o
                0x0000000000001544                init_all
 .text          0x000000000000155b      0x375 /home/cron/os/project/build/interrupt.o
                0x0000000000001807                init_idt
                0x0000000000001848                intr_enable
                0x0000000000001871                intr_disable
                0x000000000000189a                intr_get_status
                0x00000000000018b2                intr_set_status
 .text          0x00000000000018d0       0xe7 /home/cron/os/project/build/timer.o
                0x0000000000001992                init_time
 .text.__x86.get_pc_thunk.ax
                0x00000000000019b7        0x4 /home/cron/os/project/build/timer.o
                0x00000000000019b7                __x86.get_pc_thunk.ax
 *fill*         0x00000000000019bb        0x5 
 .text          0x00000000000019c0      0x3f6 /home/cron/os/project/build/kernel.o
 *fill*         0x0000000000001db6        0xa 
 .text          0x0000000000001dc0      0x173 /home/cron/os/project/build/print.o
                0x0000000000001dc0                put_char
                0x0000000000001eb1                put_str
                0x0000000000001ed1                put_int
 .text          0x0000000000001f33       0x99 /home/cron/os/project/build/debug.o
                0x0000000000001f33                panic_spin
 .text          0x0000000000001fcc      0x481 /home/cron/os/project/build/string.o
                0x0000000000001fcc                memset
                0x0000000000002028                memcpy
                0x0000000000002090                memcmp
                0x0000000000002120                strcpy
                0x0000000000002189                strlen
                0x00000000000021e3                strcmp
                0x0000000000002278                strchr
                0x00000000000022f5                strrchr
                0x0000000000002362                strcat
                0x00000000000023e2                strchrs
 .text          0x000000000000244d      0x557 /home/cron/os/project/build/memory.o
                0x000000000000244d                vaddr_get
                0x00000000000024d2                pte_ptr
                0x0000000000002503                pde_ptr
                0x000000000000251f                palloc
                0x000000000000257b                page_table_add
                0x00000000000026b5                malloc_page
                0x000000000000277f                get_kernel_pages
                0x00000000000027c3                mem_pool_init
                0x000000000000296f                mem_init
 .text          0x00000000000029a4      0x209 /home/cron/os/project/build/bitmap.o
                0x00000000000029a4                bitmap_init
                0x00000000000029cb                bitmap_scan_test
                0x0000000000002a0d                bitmap_scan
                0x0000000000002af8                bitmap_set
 *(.gnu.warning)

.fini
 *(SORT_NONE(.fini))
                [!provide]                        PROVIDE (__etext = .)
                [!provide]                        PROVIDE (_etext = .)
                [!provide]                        PROVIDE (etext = .)
                0x0000000000003000                . = ALIGN (CONSTANT (MAXPAGESIZE))
                0x0000000000003000                . = SEGMENT_START ("rodata-segment", (ALIGN (CONSTANT (MAXPAGESIZE)) + (. & (CONSTANT (MAXPAGESIZE) - 0x1))))

.rodata         0x0000000000003000      0x48a
 *(.rodata .rodata.* .gnu.linkonce.r.*)
 .rodata        0x0000000000003000       0x22 /home/cron/os/project/build/main.o
 *fill*         0x0000000000003022        0x2 
 .rodata        0x0000000000003024      0x21a /home/cron/os/project/build/interrupt.o
 .rodata        0x000000000000323e       0x23 /home/cron/os/project/build/debug.o
 .rodata        0x0000000000003261       0xcc /home/cron/os/project/build/string.o
 *fill*         0x000000000000332d        0x3 
 .rodata        0x0000000000003330      0x12f /home/cron/os/project/build/memory.o
 .rodata        0x000000000000345f       0x2b /home/cron/os/project/build/bitmap.o

.rodata1
 *(.rodata1)

.eh_frame_hdr
 *(.eh_frame_hdr)
 *(.eh_frame_entry .eh_frame_entry.*)

.eh_frame       0x000000000000348c       0x98
 *(.eh_frame)
 .eh_frame      0x000000000000348c       0x98 /home/cron/os/project/build/timer.o
 *(.eh_frame.*)

.gcc_except_table
 *(.gcc_except_table .gcc_except_table.*)

.gnu_extab
 *(.gnu_extab*)

.exception_ranges
 *(.exception_ranges*)
                0x0000000000005000                . = DATA_SEGMENT_ALIGN (CONSTANT (MAXPAGESIZE), CONSTANT (COMMONPAGESIZE))

.eh_frame
 *(.eh_frame)
 *(.eh_frame.*)

.gnu_extab
 *(.gnu_extab)

.gcc_except_table
 *(.gcc_except_table .gcc_except_table.*)

.exception_ranges
 *(.exception_ranges*)

.tdata          0x0000000000005000        0x0
                [!provide]                        PROVIDE (__tdata_start = .)
 *(.tdata .tdata.* .gnu.linkonce.td.*)

.tbss
 *(.tbss .tbss.* .gnu.linkonce.tb.*)
 *(.tcommon)

.preinit_array  0x0000000000005000        0x0
                [!provide]                        PROVIDE (__preinit_array_start = .)
 *(.preinit_array)
                [!provide]                        PROVIDE (__preinit_array_end = .)

.init_array     0x0000000000005000        0x0
                [!provide]                        PROVIDE (__init_array_start = .)
 *(SORT_BY_INIT_PRIORITY(.init_array.*) SORT_BY_INIT_PRIORITY(.ctors.*))
 *(.init_array EXCLUDE_FILE(*crtend?.o *crtend.o *crtbegin?.o *crtbegin.o) .ctors)
                [!provide]                        PROVIDE (__init_array_end = .)

.fini_array     0x0000000000005000        0x0
                [!provide]                        PROVIDE (__fini_array_start = .)
 *(SORT_BY_INIT_PRIORITY(.fini_array.*) SORT_BY_INIT_PRIORITY(.dtors.*))
 *(.fini_array EXCLUDE_FILE(*crtend?.o *crtend.o *crtbegin?.o *crtbegin.o) .dtors)
                [!provide]                        PROVIDE (__fini_array_end = .)

.ctors
 *crtbegin.o(.ctors)
 *crtbegin?.o(.ctors)
 *(EXCLUDE_FILE(*crtend?.o *crtend.o) .ctors)
 *(SORT_BY_NAME(.ctors.*))
 *(.ctors)

.dtors
 *crtbegin.o(.dtors)
 *crtbegin?.o(.dtors)
 *(EXCLUDE_FILE(*crtend?.o *crtend.o) .dtors)
 *(SORT_BY_NAME(.dtors.*))
 *(.dtors)

.jcr
 *(.jcr)

.data.rel.ro
 *(.data.rel.ro.local* .gnu.linkonce.d.rel.ro.local.*)
 *(.data.rel.ro .data.rel.ro.* .gnu.linkonce.d.rel.ro.*)

.dynamic
 *(.dynamic)

.got            0x0000000000005000        0x0
 *(.got)
 .got           0x0000000000005000        0x0 /home/cron/os/project/build/main.o
 *(.igot)
                0x0000000000005ff4                . = DATA_SEGMENT_RELRO_END (., (SIZEOF (.got.plt) >= 0xc)?0xc:0x0)

.got.plt        0x0000000000005000        0xc
 *(.got.plt)
 .got.plt       0x0000000000005000        0xc /home/cron/os/project/build/main.o
                0x0000000000005000                _GLOBAL_OFFSET_TABLE_
 *(.igot.plt)
 .igot.plt      0x000000000000500c        0x0 /home/cron/os/project/build/main.o

.data           0x000000000000500c       0x8c
 *(.data .data.* .gnu.linkonce.d.*)
 .data          0x000000000000500c        0x0 /home/cron/os/project/build/main.o
 .data          0x000000000000500c        0x0 /home/cron/os/project/build/init.o
 .data          0x000000000000500c        0x0 /home/cron/os/project/build/interrupt.o
 .data          0x000000000000500c        0x0 /home/cron/os/project/build/timer.o
 .data          0x000000000000500c       0x84 /home/cron/os/project/build/kernel.o
                0x000000000000500c                intr_entry_table
 .data          0x0000000000005090        0x8 /home/cron/os/project/build/print.o
 .data          0x0000000000005098        0x0 /home/cron/os/project/build/debug.o
 .data          0x0000000000005098        0x0 /home/cron/os/project/build/string.o
 .data          0x0000000000005098        0x0 /home/cron/os/project/build/memory.o
 .data          0x0000000000005098        0x0 /home/cron/os/project/build/bitmap.o

.data1
 *(.data1)
                0x0000000000005098                _edata = .
                [!provide]                        PROVIDE (edata = .)
                0x0000000000005098                . = .
                0x0000000000005098                __bss_start = .

.bss            0x00000000000050a0      0x270
 *(.dynbss)
 *(.bss .bss.* .gnu.linkonce.b.*)
 .bss           0x00000000000050a0        0x0 /home/cron/os/project/build/main.o
 .bss           0x00000000000050a0        0x0 /home/cron/os/project/build/init.o
 .bss           0x00000000000050a0      0x108 /home/cron/os/project/build/interrupt.o
 .bss           0x00000000000051a8        0x0 /home/cron/os/project/build/timer.o
 .bss           0x00000000000051a8        0x0 /home/cron/os/project/build/debug.o
 .bss           0x00000000000051a8        0x0 /home/cron/os/project/build/string.o
 .bss           0x00000000000051a8        0x0 /home/cron/os/project/build/memory.o
 .bss           0x00000000000051a8        0x0 /home/cron/os/project/build/bitmap.o
 *(COMMON)
 *fill*         0x00000000000051a8       0x18 
 COMMON         0x00000000000051c0      0x124 /home/cron/os/project/build/interrupt.o
                0x00000000000051c0                intr_name
                0x0000000000005260                idt_table
 COMMON         0x00000000000052e4       0x2c /home/cron/os/project/build/memory.o
                0x00000000000052e4                user_pool
                0x00000000000052f4                kernel_vaddr
                0x0000000000005300                kernel_pool
                0x0000000000005310                . = ALIGN ((. != 0x0)?0x4:0x1)
                0x0000000000005310                . = ALIGN (0x4)
                0x0000000000005310                . = SEGMENT_START ("ldata-segment", .)
                0x0000000000005310                . = ALIGN (0x4)
                0x0000000000005310                _end = .
                [!provide]                        PROVIDE (end = .)
                0x0000000000005310                . = DATA_SEGMENT_END (.)

.stab
 *(.stab)

.stabstr
 *(.stabstr)

.stab.excl
 *(.stab.excl)

.stab.exclstr
 *(.stab.exclstr)

.stab.index
 *(.stab.index)

.stab.indexstr
 *(.stab.indexstr)

.comment        0x0000000000000000       0x55
 *(.comment)
 .comment       0x0000000000000000       0x2a /home/cron/os/project/build/main.o
                                         0x2b (size before relaxing)
 .comment       0x000000000000002a       0x2b /home/cron/os/project/build/init.o
 .comment       0x000000000000002a       0x2b /home/cron/os/project/build/interrupt.o
 .comment       0x000000000000002a       0x2b /home/cron/os/project/build/timer.o
                                         0x2c (size before relaxing)
 .comment       0x0000000000000055       0x2b /home/cron/os/project/build/debug.o
 .comment       0x0000000000000055       0x2b /home/cron/os/project/build/string.o
 .comment       0x0000000000000055       0x2b /home/cron/os/project/build/memory.o
 .comment       0x0000000000000055       0x2b /home/cron/os/project/build/bitmap.o

.gnu.build.attributes
 *(.gnu.build.attributes .gnu.build.attributes.*)

.debug
 *(.debug)

.line
 *(.line)

.debug_srcinfo
 *(.debug_srcinfo)

.debug_sfnames
 *(.debug_sfnames)

.debug_aranges
 *(.debug_aranges)

.debug_pubnames
 *(.debug_pubnames)

.debug_info
 *(.debug_info .gnu.linkonce.wi.*)

.debug_abbrev
 *(.debug_abbrev)

.debug_line
 *(.debug_line .debug_line.* .debug_line_end)

.debug_frame
 *(.debug_frame)

.debug_str
 *(.debug_str)

.debug_loc
 *(.debug_loc)

.debug_macinfo
 *(.debug_macinfo)

.debug_weaknames
 *(.debug_weaknames)

.debug_funcnames
 *(.debug_funcnames)

.debug_typenames
 *(.debug_typenames)

.debug_varnames
 *(.debug_varnames)

.debug_pubtypes
 *(.debug_pubtypes)

.debug_ranges
 *(.debug_ranges)

.debug_addr
 *(.debug_addr)

.debug_line_str
 *(.debug_line_str)

.debug_loclists
 *(.debug_loclists)

.debug_macro
 *(.debug_macro)

.debug_names
 *(.debug_names)

.debug_rnglists
 *(.debug_rnglists)

.debug_str_offsets
 *(.debug_str_offsets)

.debug_sup
 *(.debug_sup)

.gnu.attributes
 *(.gnu.attributes)

/DISCARD/
 *(.note.GNU-stack)
 *(.gnu_debuglink)
 *(.gnu.lto_*)
OUTPUT(/home/cron/os/project/build/kernel.bin elf32-i386)
