
Discarded input sections

 .group         0x0000000000000000        0x8 /home/cron/ubuntu/project/build/main.o
 .note.GNU-stack
                0x0000000000000000        0x0 /home/cron/ubuntu/project/build/main.o
 .group         0x0000000000000000        0x8 /home/cron/ubuntu/project/build/init.o
 .text.__x86.get_pc_thunk.bx
                0x0000000000000000        0x4 /home/cron/ubuntu/project/build/init.o
 .note.GNU-stack
                0x0000000000000000        0x0 /home/cron/ubuntu/project/build/init.o
 .group         0x0000000000000000        0x8 /home/cron/ubuntu/project/build/interrupt.o
 .group         0x0000000000000000        0x8 /home/cron/ubuntu/project/build/interrupt.o
 .text.__x86.get_pc_thunk.bx
                0x0000000000000000        0x4 /home/cron/ubuntu/project/build/interrupt.o
 .note.GNU-stack
                0x0000000000000000        0x0 /home/cron/ubuntu/project/build/interrupt.o
 .group         0x0000000000000000        0x8 /home/cron/ubuntu/project/build/timer.o
 .text.__x86.get_pc_thunk.ax
                0x0000000000000000        0x4 /home/cron/ubuntu/project/build/timer.o
 .note.GNU-stack
                0x0000000000000000        0x0 /home/cron/ubuntu/project/build/timer.o
 .group         0x0000000000000000        0x8 /home/cron/ubuntu/project/build/debug.o
 .text.__x86.get_pc_thunk.bx
                0x0000000000000000        0x4 /home/cron/ubuntu/project/build/debug.o
 .note.GNU-stack
                0x0000000000000000        0x0 /home/cron/ubuntu/project/build/debug.o
 .group         0x0000000000000000        0x8 /home/cron/ubuntu/project/build/string.o
 .text.__x86.get_pc_thunk.ax
                0x0000000000000000        0x4 /home/cron/ubuntu/project/build/string.o
 .note.GNU-stack
                0x0000000000000000        0x0 /home/cron/ubuntu/project/build/string.o
 .group         0x0000000000000000        0x8 /home/cron/ubuntu/project/build/memory.o
 .group         0x0000000000000000        0x8 /home/cron/ubuntu/project/build/memory.o
 .text.__x86.get_pc_thunk.ax
                0x0000000000000000        0x4 /home/cron/ubuntu/project/build/memory.o
 .text.__x86.get_pc_thunk.bx
                0x0000000000000000        0x4 /home/cron/ubuntu/project/build/memory.o
 .note.GNU-stack
                0x0000000000000000        0x0 /home/cron/ubuntu/project/build/memory.o
 .group         0x0000000000000000        0x8 /home/cron/ubuntu/project/build/bitmap.o
 .text.__x86.get_pc_thunk.ax
                0x0000000000000000        0x4 /home/cron/ubuntu/project/build/bitmap.o
 .note.GNU-stack
                0x0000000000000000        0x0 /home/cron/ubuntu/project/build/bitmap.o

Memory Configuration

Name             Origin             Length             Attributes
*default*        0x0000000000000000 0xffffffffffffffff

Linker script and memory map

Address of section .text set to 0xc0001500
LOAD /home/cron/ubuntu/project/build/main.o
LOAD /home/cron/ubuntu/project/build/init.o
LOAD /home/cron/ubuntu/project/build/interrupt.o
LOAD /home/cron/ubuntu/project/build/timer.o
LOAD /home/cron/ubuntu/project/build/kernel.o
LOAD /home/cron/ubuntu/project/build/print.o
LOAD /home/cron/ubuntu/project/build/debug.o
LOAD /home/cron/ubuntu/project/build/string.o
LOAD /home/cron/ubuntu/project/build/memory.o
LOAD /home/cron/ubuntu/project/build/bitmap.o
                [!provide]                        PROVIDE (__executable_start = SEGMENT_START ("text-segment", 0x8048000))
                0x00000000080480d4                . = (SEGMENT_START ("text-segment", 0x8048000) + SIZEOF_HEADERS)

.interp
 *(.interp)

.note.gnu.build-id
 *(.note.gnu.build-id)

.hash
 *(.hash)

.gnu.hash
 *(.gnu.hash)

.dynsym
 *(.dynsym)

.dynstr
 *(.dynstr)

.gnu.version
 *(.gnu.version)

.gnu.version_d
 *(.gnu.version_d)

.gnu.version_r
 *(.gnu.version_r)

.rel.dyn        0x00000000080480d4        0x0
 *(.rel.init)
 *(.rel.text .rel.text.* .rel.gnu.linkonce.t.*)
 *(.rel.fini)
 *(.rel.rodata .rel.rodata.* .rel.gnu.linkonce.r.*)
 *(.rel.data.rel.ro .rel.data.rel.ro.* .rel.gnu.linkonce.d.rel.ro.*)
 *(.rel.data .rel.data.* .rel.gnu.linkonce.d.*)
 *(.rel.tdata .rel.tdata.* .rel.gnu.linkonce.td.*)
 *(.rel.tbss .rel.tbss.* .rel.gnu.linkonce.tb.*)
 *(.rel.ctors)
 *(.rel.dtors)
 *(.rel.got)
 .rel.got       0x00000000080480d4        0x0 /home/cron/ubuntu/project/build/main.o
 *(.rel.bss .rel.bss.* .rel.gnu.linkonce.b.*)
 *(.rel.ifunc)

.rel.plt        0x00000000080480d4        0x0
 *(.rel.plt)
                [!provide]                        PROVIDE (__rel_iplt_start = .)
 *(.rel.iplt)
 .rel.iplt      0x00000000080480d4        0x0 /home/cron/ubuntu/project/build/main.o
                [!provide]                        PROVIDE (__rel_iplt_end = .)

.relr.dyn
 *(.relr.dyn)
                0x0000000008049000                . = ALIGN (CONSTANT (MAXPAGESIZE))

.init
 *(SORT_NONE(.init))

.plt            0x0000000008049000        0x0
 *(.plt)
 *(.iplt)
 .iplt          0x0000000008049000        0x0 /home/cron/ubuntu/project/build/main.o

.plt.got
 *(.plt.got)

.plt.sec
 *(.plt.sec)

.text           0x00000000c0001500     0x1947
 *(.text.unlikely .text.*_unlikely .text.unlikely.*)
 *(.text.exit .text.exit.*)
 *(.text.startup .text.startup.*)
 *(.text.hot .text.hot.*)
 *(SORT_BY_NAME(.text.sorted.*))
 *(.text .stub .text.* .gnu.linkonce.t.*)
 .text          0x00000000c0001500       0x62 /home/cron/ubuntu/project/build/main.o
                0x00000000c0001500                main
 .text.__x86.get_pc_thunk.bx
                0x00000000c0001562        0x4 /home/cron/ubuntu/project/build/main.o
                0x00000000c0001562                __x86.get_pc_thunk.bx
 .text          0x00000000c0001566       0x27 /home/cron/ubuntu/project/build/init.o
                0x00000000c0001566                init_all
 .text          0x00000000c000158d      0x448 /home/cron/ubuntu/project/build/interrupt.o
                0x00000000c000188a                init_idt
                0x00000000c0001924                intr_enable
                0x00000000c0001957                intr_disable
                0x00000000c000198a                intr_get_status
                0x00000000c00019ad                intr_set_status
 .text.__x86.get_pc_thunk.ax
                0x00000000c00019d5        0x4 /home/cron/ubuntu/project/build/interrupt.o
                0x00000000c00019d5                __x86.get_pc_thunk.ax
 .text          0x00000000c00019d9       0xe7 /home/cron/ubuntu/project/build/timer.o
                0x00000000c0001a9b                init_time
 .text          0x00000000c0001ac0      0x417 /home/cron/ubuntu/project/build/kernel.o
 *fill*         0x00000000c0001ed7        0x9 
 .text          0x00000000c0001ee0      0x177 /home/cron/ubuntu/project/build/print.o
                0x00000000c0001ee0                put_char
                0x00000000c0001fd5                put_str
                0x00000000c0001ff5                put_int
 .text          0x00000000c0002057       0xce /home/cron/ubuntu/project/build/debug.o
                0x00000000c0002057                panic_spin
 .text          0x00000000c0002125      0x4e1 /home/cron/ubuntu/project/build/string.o
                0x00000000c0002125                memset
                0x00000000c000218e                memcpy
                0x00000000c0002205                memcmp
                0x00000000c000229e                strcpy
                0x00000000c000230f                strlen
                0x00000000c000236c                strcmp
                0x00000000c000240c                strchr
                0x00000000c0002492                strrchr
                0x00000000c000250a                strcat
                0x00000000c0002590                strchrs
 .text          0x00000000c0002606      0x613 /home/cron/ubuntu/project/build/memory.o
                0x00000000c0002897                malloc_page
                0x00000000c0002965                get_kernel_page
                0x00000000c0002bc5                init_mem
 .text          0x00000000c0002c19      0x22e /home/cron/ubuntu/project/build/bitmap.o
                0x00000000c0002c19                init_bitmap
                0x00000000c0002c4c                test_bitmap_scan
                0x00000000c0002c95                bitmap_scan
                0x00000000c0002d83                set_bitmap
 *(.gnu.warning)

.fini
 *(SORT_NONE(.fini))
                [!provide]                        PROVIDE (__etext = .)
                [!provide]                        PROVIDE (_etext = .)
                [!provide]                        PROVIDE (etext = .)
                0x00000000c0003000                . = ALIGN (CONSTANT (MAXPAGESIZE))
                0x00000000c0003000                . = SEGMENT_START ("rodata-segment", (ALIGN (CONSTANT (MAXPAGESIZE)) + (. & (CONSTANT (MAXPAGESIZE) - 0x1))))

.rodata         0x00000000c0003000      0x45f
 *(.rodata .rodata.* .gnu.linkonce.r.*)
 .rodata        0x00000000c0003000       0x1b /home/cron/ubuntu/project/build/main.o
 *fill*         0x00000000c000301b        0x1 
 .rodata        0x00000000c000301c      0x230 /home/cron/ubuntu/project/build/interrupt.o
 .rodata        0x00000000c000324c       0x23 /home/cron/ubuntu/project/build/debug.o
 *fill*         0x00000000c000326f        0x1 
 .rodata        0x00000000c0003270       0xd4 /home/cron/ubuntu/project/build/string.o
 .rodata        0x00000000c0003344       0xf0 /home/cron/ubuntu/project/build/memory.o
 .rodata        0x00000000c0003434       0x2b /home/cron/ubuntu/project/build/bitmap.o

.rodata1
 *(.rodata1)

.eh_frame_hdr
 *(.eh_frame_hdr)
 *(.eh_frame_entry .eh_frame_entry.*)

.eh_frame       0x00000000c0003460      0x5b0
 *(.eh_frame)
 .eh_frame      0x00000000c0003460       0x54 /home/cron/ubuntu/project/build/main.o
 .eh_frame      0x00000000c00034b4       0x24 /home/cron/ubuntu/project/build/init.o
                                         0x50 (size before relaxing)
 .eh_frame      0x00000000c00034d8      0x180 /home/cron/ubuntu/project/build/interrupt.o
                                        0x1ac (size before relaxing)
 .eh_frame      0x00000000c0003658       0x6c /home/cron/ubuntu/project/build/timer.o
                                         0x98 (size before relaxing)
 .eh_frame      0x00000000c00036c4       0x1c /home/cron/ubuntu/project/build/debug.o
                                         0x48 (size before relaxing)
 .eh_frame      0x00000000c00036e0      0x168 /home/cron/ubuntu/project/build/string.o
                                        0x194 (size before relaxing)
 .eh_frame      0x00000000c0003848      0x13c /home/cron/ubuntu/project/build/memory.o
                                        0x17c (size before relaxing)
 .eh_frame      0x00000000c0003984       0x8c /home/cron/ubuntu/project/build/bitmap.o
                                         0xb8 (size before relaxing)
 *(.eh_frame.*)

.gcc_except_table
 *(.gcc_except_table .gcc_except_table.*)

.gnu_extab
 *(.gnu_extab*)

.exception_ranges
 *(.exception_ranges*)
                0x00000000c0005000                . = DATA_SEGMENT_ALIGN (CONSTANT (MAXPAGESIZE), CONSTANT (COMMONPAGESIZE))

.eh_frame
 *(.eh_frame)
 *(.eh_frame.*)

.gnu_extab
 *(.gnu_extab)

.gcc_except_table
 *(.gcc_except_table .gcc_except_table.*)

.exception_ranges
 *(.exception_ranges*)

.tdata          0x00000000c0005000        0x0
                [!provide]                        PROVIDE (__tdata_start = .)
 *(.tdata .tdata.* .gnu.linkonce.td.*)

.tbss
 *(.tbss .tbss.* .gnu.linkonce.tb.*)
 *(.tcommon)

.preinit_array  0x00000000c0005000        0x0
                [!provide]                        PROVIDE (__preinit_array_start = .)
 *(.preinit_array)
                [!provide]                        PROVIDE (__preinit_array_end = .)

.init_array     0x00000000c0005000        0x0
                [!provide]                        PROVIDE (__init_array_start = .)
 *(SORT_BY_INIT_PRIORITY(.init_array.*) SORT_BY_INIT_PRIORITY(.ctors.*))
 *(.init_array EXCLUDE_FILE(*crtend?.o *crtend.o *crtbegin?.o *crtbegin.o) .ctors)
                [!provide]                        PROVIDE (__init_array_end = .)

.fini_array     0x00000000c0005000        0x0
                [!provide]                        PROVIDE (__fini_array_start = .)
 *(SORT_BY_INIT_PRIORITY(.fini_array.*) SORT_BY_INIT_PRIORITY(.dtors.*))
 *(.fini_array EXCLUDE_FILE(*crtend?.o *crtend.o *crtbegin?.o *crtbegin.o) .dtors)
                [!provide]                        PROVIDE (__fini_array_end = .)

.ctors
 *crtbegin.o(.ctors)
 *crtbegin?.o(.ctors)
 *(EXCLUDE_FILE(*crtend?.o *crtend.o) .ctors)
 *(SORT_BY_NAME(.ctors.*))
 *(.ctors)

.dtors
 *crtbegin.o(.dtors)
 *crtbegin?.o(.dtors)
 *(EXCLUDE_FILE(*crtend?.o *crtend.o) .dtors)
 *(SORT_BY_NAME(.dtors.*))
 *(.dtors)

.jcr
 *(.jcr)

.data.rel.ro
 *(.data.rel.ro.local* .gnu.linkonce.d.rel.ro.local.*)
 *(.data.rel.ro .data.rel.ro.* .gnu.linkonce.d.rel.ro.*)

.dynamic
 *(.dynamic)

.got            0x00000000c0005000        0x0
 *(.got)
 .got           0x00000000c0005000        0x0 /home/cron/ubuntu/project/build/main.o
 *(.igot)
                0x00000000c0005ff4                . = DATA_SEGMENT_RELRO_END (., (SIZEOF (.got.plt) >= 0xc)?0xc:0x0)

.got.plt        0x00000000c0005000        0xc
 *(.got.plt)
 .got.plt       0x00000000c0005000        0xc /home/cron/ubuntu/project/build/main.o
                0x00000000c0005000                _GLOBAL_OFFSET_TABLE_
 *(.igot.plt)
 .igot.plt      0x00000000c000500c        0x0 /home/cron/ubuntu/project/build/main.o

.data           0x00000000c000500c       0x8c
 *(.data .data.* .gnu.linkonce.d.*)
 .data          0x00000000c000500c        0x0 /home/cron/ubuntu/project/build/main.o
 .data          0x00000000c000500c        0x0 /home/cron/ubuntu/project/build/init.o
 .data          0x00000000c000500c        0x0 /home/cron/ubuntu/project/build/interrupt.o
 .data          0x00000000c000500c        0x0 /home/cron/ubuntu/project/build/timer.o
 .data          0x00000000c000500c       0x84 /home/cron/ubuntu/project/build/kernel.o
                0x00000000c000500c                intr_entry_table
 .data          0x00000000c0005090        0x8 /home/cron/ubuntu/project/build/print.o
 .data          0x00000000c0005098        0x0 /home/cron/ubuntu/project/build/debug.o
 .data          0x00000000c0005098        0x0 /home/cron/ubuntu/project/build/string.o
 .data          0x00000000c0005098        0x0 /home/cron/ubuntu/project/build/memory.o
 .data          0x00000000c0005098        0x0 /home/cron/ubuntu/project/build/bitmap.o

.data1
 *(.data1)
                0x00000000c0005098                _edata = .
                [!provide]                        PROVIDE (edata = .)
                0x00000000c0005098                . = .
                0x00000000c0005098                __bss_start = .

.bss            0x00000000c00050a0      0x274
 *(.dynbss)
 *(.bss .bss.* .gnu.linkonce.b.*)
 .bss           0x00000000c00050a0        0x0 /home/cron/ubuntu/project/build/main.o
 .bss           0x00000000c00050a0        0x0 /home/cron/ubuntu/project/build/init.o
 .bss           0x00000000c00050a0      0x248 /home/cron/ubuntu/project/build/interrupt.o
                0x00000000c00050a0                intr_name
                0x00000000c0005140                idt_table
 .bss           0x00000000c00052e8        0x0 /home/cron/ubuntu/project/build/timer.o
 .bss           0x00000000c00052e8        0x0 /home/cron/ubuntu/project/build/debug.o
 .bss           0x00000000c00052e8        0x0 /home/cron/ubuntu/project/build/string.o
 .bss           0x00000000c00052e8       0x2c /home/cron/ubuntu/project/build/memory.o
                0x00000000c00052e8                user_pool
                0x00000000c00052f8                kernel_pool
                0x00000000c0005308                kernel_vaddr
 .bss           0x00000000c0005314        0x0 /home/cron/ubuntu/project/build/bitmap.o
 *(COMMON)
                0x00000000c0005314                . = ALIGN ((. != 0x0)?0x4:0x1)
                0x00000000c0005314                . = ALIGN (0x4)
                0x00000000c0005314                . = SEGMENT_START ("ldata-segment", .)
                0x00000000c0005314                . = ALIGN (0x4)
                0x00000000c0005314                _end = .
                [!provide]                        PROVIDE (end = .)
                0x00000000c0005314                . = DATA_SEGMENT_END (.)

.stab
 *(.stab)

.stabstr
 *(.stabstr)

.stab.excl
 *(.stab.excl)

.stab.exclstr
 *(.stab.exclstr)

.stab.index
 *(.stab.index)

.stab.indexstr
 *(.stab.indexstr)

.comment        0x0000000000000000       0x2b
 *(.comment)
 .comment       0x0000000000000000       0x2b /home/cron/ubuntu/project/build/main.o
                                         0x2c (size before relaxing)
 .comment       0x000000000000002b       0x2c /home/cron/ubuntu/project/build/init.o
 .comment       0x000000000000002b       0x2c /home/cron/ubuntu/project/build/interrupt.o
 .comment       0x000000000000002b       0x2c /home/cron/ubuntu/project/build/timer.o
 .comment       0x000000000000002b       0x2c /home/cron/ubuntu/project/build/debug.o
 .comment       0x000000000000002b       0x2c /home/cron/ubuntu/project/build/string.o
 .comment       0x000000000000002b       0x2c /home/cron/ubuntu/project/build/memory.o
 .comment       0x000000000000002b       0x2c /home/cron/ubuntu/project/build/bitmap.o

.gnu.build.attributes
 *(.gnu.build.attributes .gnu.build.attributes.*)

.debug
 *(.debug)

.line
 *(.line)

.debug_srcinfo
 *(.debug_srcinfo)

.debug_sfnames
 *(.debug_sfnames)

.debug_aranges
 *(.debug_aranges)

.debug_pubnames
 *(.debug_pubnames)

.debug_info
 *(.debug_info .gnu.linkonce.wi.*)

.debug_abbrev
 *(.debug_abbrev)

.debug_line
 *(.debug_line .debug_line.* .debug_line_end)

.debug_frame
 *(.debug_frame)

.debug_str
 *(.debug_str)

.debug_loc
 *(.debug_loc)

.debug_macinfo
 *(.debug_macinfo)

.debug_weaknames
 *(.debug_weaknames)

.debug_funcnames
 *(.debug_funcnames)

.debug_typenames
 *(.debug_typenames)

.debug_varnames
 *(.debug_varnames)

.debug_pubtypes
 *(.debug_pubtypes)

.debug_ranges
 *(.debug_ranges)

.debug_addr
 *(.debug_addr)

.debug_line_str
 *(.debug_line_str)

.debug_loclists
 *(.debug_loclists)

.debug_macro
 *(.debug_macro)

.debug_names
 *(.debug_names)

.debug_rnglists
 *(.debug_rnglists)

.debug_str_offsets
 *(.debug_str_offsets)

.debug_sup
 *(.debug_sup)

.gnu.attributes
 *(.gnu.attributes)

/DISCARD/
 *(.note.GNU-stack)
 *(.gnu_debuglink)
 *(.gnu.lto_*)
OUTPUT(/home/cron/ubuntu/project/build/kernel.bin elf32-i386)
